#-----------------------------------------------------------
# Vivado v2018.2 (64-bit)
# SW Build 2258646 on Thu Jun 14 20:03:12 MDT 2018
# IP Build 2256618 on Thu Jun 14 22:10:49 MDT 2018
# Start of session at: Sat Nov 22 13:29:56 2025
# Process ID: 4348
# Current directory: C:/Users/Public/Documents/PVSDRA/Lab_3
# Command line: vivado.exe -gui_launcher_event rodinguilauncherevent16344 C:\Users\Public\Documents\PVSDRA\Lab_3\Lab_3.xpr
# Log file: C:/Users/Public/Documents/PVSDRA/Lab_3/vivado.log
# Journal file: C:/Users/Public/Documents/PVSDRA/Lab_3\vivado.jou
#-----------------------------------------------------------
start_gui
open_project C:/Users/Public/Documents/PVSDRA/Lab_3/Lab_3.xpr
Scanning sources...
Finished scanning sources
INFO: [IP_Flow 19-234] Refreshing IP repositories
INFO: [IP_Flow 19-1704] No user IP repositories specified
INFO: [IP_Flow 19-2313] Loaded Vivado IP repository 'D:/Xilinx/Vivado/2018.2/data/ip'.
open_project: Time (s): cpu = 00:00:06 ; elapsed = 00:00:18 . Memory (MB): peak = 815.508 ; gain = 153.621
update_compile_order -fileset sources_1
open_project C:/Users/Public/Documents/fir/fir.xpr
INFO: [Project 1-313] Project file moved from 'C:/Mac/Home/unik/pvsdra/fir' since last save.
Scanning sources...
Finished scanning sources
WARNING: [Project 1-231] Project 'fir.xpr' was created with a future version and may or may not perform reliably with this version of Vivado. It has been opened in read-only mode for the protection of unrecognized data. Use 'File | Save Project As...' if you wish to alter a copy of the project.
INFO: [IP_Flow 19-234] Refreshing IP repositories
INFO: [IP_Flow 19-1704] No user IP repositories specified
INFO: [IP_Flow 19-2313] Loaded Vivado IP repository 'D:/Xilinx/Vivado/2018.2/data/ip'.
update_compile_order -fileset sources_1
close_project
open_project C:/Users/Public/Documents/fir_offset/fir.xpr
INFO: [Project 1-313] Project file moved from 'C:/Mac/Home/unik/pvsdra/fir_offset' since last save.
Scanning sources...
Finished scanning sources
WARNING: [Project 1-231] Project 'fir.xpr' was created with a future version and may or may not perform reliably with this version of Vivado. It has been opened in read-only mode for the protection of unrecognized data. Use 'File | Save Project As...' if you wish to alter a copy of the project.
INFO: [IP_Flow 19-234] Refreshing IP repositories
INFO: [IP_Flow 19-1704] No user IP repositories specified
INFO: [IP_Flow 19-2313] Loaded Vivado IP repository 'D:/Xilinx/Vivado/2018.2/data/ip'.
update_compile_order -fileset sources_1
current_project Lab_3
current_project fir
close_project
exit
INFO: [Common 17-206] Exiting Vivado at Sat Nov 22 13:56:34 2025...
