Copyright 1986-2018 Xilinx, Inc. All Rights Reserved.
-----------------------------------------------------------------------------------------------
| Tool Version : Vivado v.2018.2 (win64) Build 2258646 Thu Jun 14 20:03:12 MDT 2018
| Date         : Sat Dec  6 19:09:44 2025
| Host         : DESKTOP-7OC3ATR running 64-bit major release  (build 9200)
| Command      : report_control_sets -verbose -file CORDIC_coprocessor_control_sets_placed.rpt
| Design       : CORDIC_coprocessor
| Device       : xc7z010
-----------------------------------------------------------------------------------------------

Control Set Information

Table of Contents
-----------------
1. Summary
2. Histogram
3. Flip-Flop Distribution
4. Detailed Control Set Information

1. Summary
----------

+----------------------------------------------------------+-------+
|                          Status                          | Count |
+----------------------------------------------------------+-------+
| Number of unique control sets                            |     6 |
| Unused register locations in slices containing registers |    18 |
+----------------------------------------------------------+-------+


2. Histogram
------------

+--------+--------------+
| Fanout | Control Sets |
+--------+--------------+
|      8 |            1 |
|     10 |            1 |
|     14 |            1 |
|    16+ |            3 |
+--------+--------------+


3. Flip-Flop Distribution
-------------------------

+--------------+-----------------------+------------------------+-----------------+--------------+
| Clock Enable | Synchronous Set/Reset | Asynchronous Set/Reset | Total Registers | Total Slices |
+--------------+-----------------------+------------------------+-----------------+--------------+
| No           | No                    | No                     |              60 |           14 |
| No           | No                    | Yes                    |               0 |            0 |
| No           | Yes                   | No                     |              44 |            8 |
| Yes          | No                    | No                     |               0 |            0 |
| Yes          | No                    | Yes                    |               0 |            0 |
| Yes          | Yes                   | No                     |              54 |            7 |
+--------------+-----------------------+------------------------+-----------------+--------------+


4. Detailed Control Set Information
-----------------------------------

+---------------------------+---------------------------------+----------------------+------------------+----------------+
|        Clock Signal       |          Enable Signal          |   Set/Reset Signal   | Slice Load Count | Bel Load Count |
+---------------------------+---------------------------------+----------------------+------------------+----------------+
|  clk_IBUF_BUFG            |                                 | control_device/SR[0] |                2 |              8 |
|  clk_IBUF_BUFG            |                                 |                      |                2 |             10 |
|  atan/coef_reg[6]_i_2_n_0 |                                 |                      |                2 |             14 |
|  control_device/busy      |                                 |                      |               10 |             36 |
|  control_device/E[0]      |                                 | rst_IBUF             |                6 |             36 |
|  clk_IBUF_BUFG            | control_device/corner_reg[0][0] | rst_IBUF             |                7 |             54 |
+---------------------------+---------------------------------+----------------------+------------------+----------------+


