Copyright 1986-2018 Xilinx, Inc. All Rights Reserved.
------------------------------------------------------------------------------------
| Tool Version : Vivado v.2018.2 (win64) Build 2258646 Thu Jun 14 20:03:12 MDT 2018
| Date         : Sat Nov 22 17:43:23 2025
| Host         : DESKTOP-7OC3ATR running 64-bit major release  (build 9200)
| Command      : report_control_sets -verbose -file FIR_control_sets_placed.rpt
| Design       : FIR
| Device       : xc7z010
------------------------------------------------------------------------------------

Control Set Information

Table of Contents
-----------------
1. Summary
2. Histogram
3. Flip-Flop Distribution
4. Detailed Control Set Information

1. Summary
----------

+----------------------------------------------------------+-------+
|                          Status                          | Count |
+----------------------------------------------------------+-------+
| Number of unique control sets                            |     6 |
| Unused register locations in slices containing registers |     2 |
+----------------------------------------------------------+-------+


2. Histogram
------------

+--------+--------------+
| Fanout | Control Sets |
+--------+--------------+
|      6 |            1 |
|      8 |            2 |
|    16+ |            3 |
+--------+--------------+


3. Flip-Flop Distribution
-------------------------

+--------------+-----------------------+------------------------+-----------------+--------------+
| Clock Enable | Synchronous Set/Reset | Asynchronous Set/Reset | Total Registers | Total Slices |
+--------------+-----------------------+------------------------+-----------------+--------------+
| No           | No                    | No                     |               6 |            3 |
| No           | No                    | Yes                    |               0 |            0 |
| No           | Yes                   | No                     |              32 |            6 |
| Yes          | No                    | No                     |               0 |            0 |
| Yes          | No                    | Yes                    |               0 |            0 |
| Yes          | Yes                   | No                     |             200 |           31 |
+--------------+-----------------------+------------------------+-----------------+--------------+


4. Detailed Control Set Information
-----------------------------------

+--------------------------------+--------------------------------------------+----------------------+------------------+----------------+
|          Clock Signal          |                Enable Signal               |   Set/Reset Signal   | Slice Load Count | Bel Load Count |
+--------------------------------+--------------------------------------------+----------------------+------------------+----------------+
|  clk_IBUF_BUFG                 |                                            |                      |                3 |              6 |
|  clk_IBUF_BUFG                 |                                            | control_device/SR[0] |                3 |              8 |
|  clk_IBUF_BUFG                 | control_device/FSM_onehot_state[3]_i_1_n_0 | rst_IBUF             |                1 |              8 |
|  control_device/ready_reg_0[0] |                                            | rst_IBUF             |                3 |             24 |
|  clk_IBUF_BUFG                 | control_device/E[0]                        | acc2[11]_i_1_n_0     |                6 |             48 |
|  clk_IBUF_BUFG                 | control_device/reg_reg[5][0][0]            | rst_IBUF             |               24 |            144 |
+--------------------------------+--------------------------------------------+----------------------+------------------+----------------+


