Vivado Simulator 2018.2
Copyright 1986-1999, 2001-2018 Xilinx, Inc. All Rights Reserved.
Running: D:/Xilinx/Vivado/2018.2/bin/unwrapped/win64.o/xelab.exe -wto 1cc00ca6ac3e46ca8ecfb2b9937e97b0 --incr --debug typical --relax --mt 2 -L xil_defaultlib -L secureip --snapshot IIR_tb_behav xil_defaultlib.IIR_tb -log elaborate.log 
Using 2 slave threads.
Starting static elaboration
Completed static elaboration
Starting simulation data flow analysis
Completed simulation data flow analysis
Time Resolution for simulation is 1ps
Compiling package std.standard
Compiling package std.textio
Compiling package ieee.std_logic_1164
Compiling package ieee.numeric_std
Compiling package ieee.std_logic_textio
Compiling package std.env
Compiling package ieee.std_logic_arith
Compiling package ieee.std_logic_unsigned
Compiling architecture behavioral of entity xil_defaultlib.FSM [fsm_default]
Compiling architecture behavioral of entity xil_defaultlib.ROM [rom_default]
Compiling architecture behavioral of entity xil_defaultlib.mult [\mult(n=15)\]
Compiling architecture behavioral of entity xil_defaultlib.reg [\reg(n=15)\]
Compiling architecture behavioral of entity xil_defaultlib.controller [controller_default]
Compiling architecture behavioral of entity xil_defaultlib.mac [\mac(n=15)\]
Compiling architecture behavioral of entity xil_defaultlib.IIR [iir_default]
Compiling architecture behavioral of entity xil_defaultlib.iir_tb
Built simulation snapshot IIR_tb_behav
