#-----------------------------------------------------------
# Vivado v2018.2 (64-bit)
# SW Build 2258646 on Thu Jun 14 20:03:12 MDT 2018
# IP Build 2256618 on Thu Jun 14 22:10:49 MDT 2018
# Start of session at: Tue Dec  2 17:11:05 2025
# Process ID: 15452
# Current directory: C:/Users/Public/Documents/PVSDRA/Lab_4
# Command line: vivado.exe -gui_launcher_event rodinguilauncherevent13356 C:\Users\Public\Documents\PVSDRA\Lab_4\Lab_4.xpr
# Log file: C:/Users/Public/Documents/PVSDRA/Lab_4/vivado.log
# Journal file: C:/Users/Public/Documents/PVSDRA/Lab_4\vivado.jou
#-----------------------------------------------------------
start_gui
open_project C:/Users/Public/Documents/PVSDRA/Lab_4/Lab_4.xpr
Scanning sources...
Finished scanning sources
INFO: [IP_Flow 19-234] Refreshing IP repositories
INFO: [IP_Flow 19-1704] No user IP repositories specified
INFO: [IP_Flow 19-2313] Loaded Vivado IP repository 'D:/Xilinx/Vivado/2018.2/data/ip'.
open_project: Time (s): cpu = 00:00:28 ; elapsed = 00:00:29 . Memory (MB): peak = 859.387 ; gain = 129.879
file mkdir C:/Users/Public/Documents/PVSDRA/Lab_4/Lab_4.srcs/sources_1/new
close [ open C:/Users/Public/Documents/PVSDRA/Lab_4/Lab_4.srcs/sources_1/new/cordic.vhd w ]
add_files C:/Users/Public/Documents/PVSDRA/Lab_4/Lab_4.srcs/sources_1/new/cordic.vhd
update_compile_order -fileset sources_1
close [ open C:/Users/Public/Documents/PVSDRA/Lab_4/Lab_4.srcs/sources_1/new/CORDIC_coprocessor.vhd w ]
add_files C:/Users/Public/Documents/PVSDRA/Lab_4/Lab_4.srcs/sources_1/new/CORDIC_coprocessor.vhd
update_compile_order -fileset sources_1
set_property top CORDIC_coprocessor [current_fileset]
update_compile_order -fileset sources_1
file mkdir C:/Users/Public/Documents/PVSDRA/Lab_4/Lab_4.srcs/sim_1/new
set_property SOURCE_SET sources_1 [get_filesets sim_1]
close [ open C:/Users/Public/Documents/PVSDRA/Lab_4/Lab_4.srcs/sim_1/new/cordic_module_tb.vhd w ]
add_files -fileset sim_1 C:/Users/Public/Documents/PVSDRA/Lab_4/Lab_4.srcs/sim_1/new/cordic_module_tb.vhd
update_compile_order -fileset sim_1
update_compile_order -fileset sim_1
launch_simulation
INFO: [Vivado 12-5682] Launching behavioral simulation in 'C:/Users/Public/Documents/PVSDRA/Lab_4/Lab_4.sim/sim_1/behav/xsim'
INFO: [SIM-utils-51] Simulation object is 'sim_1'
INFO: [SIM-utils-54] Inspecting design source files for 'cordic_module_tb' in fileset 'sim_1'...
INFO: [USF-XSim-97] Finding global include files...
INFO: [USF-XSim-98] Fetching design files from 'sim_1'...
INFO: [USF-XSim-2] XSim::Compile design
INFO: [USF-XSim-61] Executing 'COMPILE and ANALYZE' step in 'C:/Users/Public/Documents/PVSDRA/Lab_4/Lab_4.sim/sim_1/behav/xsim'
"xvhdl --incr --relax -prj cordic_module_tb_vhdl.prj"
INFO: [VRFC 10-163] Analyzing VHDL file "C:/Users/Public/Documents/PVSDRA/Lab_4/Lab_4.srcs/sources_1/new/CORDIC_coprocessor.vhd" into library xil_defaultlib
INFO: [VRFC 10-307] analyzing entity CORDIC_coprocessor
INFO: [VRFC 10-163] Analyzing VHDL file "C:/Users/Public/Documents/PVSDRA/Lab_4/Lab_4.srcs/sim_1/new/cordic_module_tb.vhd" into library xil_defaultlib
INFO: [VRFC 10-307] analyzing entity cordic_module_tb
INFO: [USF-XSim-69] 'compile' step finished in '4' seconds
INFO: [USF-XSim-3] XSim::Elaborate design
INFO: [USF-XSim-61] Executing 'ELABORATE' step in 'C:/Users/Public/Documents/PVSDRA/Lab_4/Lab_4.sim/sim_1/behav/xsim'
Vivado Simulator 2018.2
Copyright 1986-1999, 2001-2018 Xilinx, Inc. All Rights Reserved.
Running: D:/Xilinx/Vivado/2018.2/bin/unwrapped/win64.o/xelab.exe -wto fe9a41d05f22498abc16741f5405eb2f --incr --debug typical --relax --mt 2 -L xil_defaultlib -L secureip --snapshot cordic_module_tb_behav xil_defaultlib.cordic_module_tb -log elaborate.log 
Using 2 slave threads.
Starting static elaboration
ERROR: [VRFC 10-664] expression has 14 elements ; expected 16 [C:/Users/Public/Documents/PVSDRA/Lab_4/Lab_4.srcs/sources_1/new/CORDIC_coprocessor.vhd:253]
ERROR: [XSIM 43-3321] Static elaboration of top level VHDL design unit cordic_module_tb in library work failed.
INFO: [USF-XSim-69] 'elaborate' step finished in '4' seconds
INFO: [USF-XSim-99] Step results log file:'C:/Users/Public/Documents/PVSDRA/Lab_4/Lab_4.sim/sim_1/behav/xsim/elaborate.log'
ERROR: [USF-XSim-62] 'elaborate' step failed with error(s). Please check the Tcl console output or 'C:/Users/Public/Documents/PVSDRA/Lab_4/Lab_4.sim/sim_1/behav/xsim/elaborate.log' file for more information.
ERROR: [Vivado 12-4473] Detected error while running simulation. Please correct the issue and retry this operation.
launch_simulation: Time (s): cpu = 00:00:02 ; elapsed = 00:00:09 . Memory (MB): peak = 949.320 ; gain = 7.898
ERROR: [Common 17-39] 'launch_simulation' failed due to earlier errors.
launch_simulation
INFO: [Vivado 12-5682] Launching behavioral simulation in 'C:/Users/Public/Documents/PVSDRA/Lab_4/Lab_4.sim/sim_1/behav/xsim'
INFO: [SIM-utils-51] Simulation object is 'sim_1'
INFO: [SIM-utils-54] Inspecting design source files for 'cordic_module_tb' in fileset 'sim_1'...
INFO: [USF-XSim-97] Finding global include files...
INFO: [USF-XSim-98] Fetching design files from 'sim_1'...
INFO: [USF-XSim-2] XSim::Compile design
INFO: [USF-XSim-61] Executing 'COMPILE and ANALYZE' step in 'C:/Users/Public/Documents/PVSDRA/Lab_4/Lab_4.sim/sim_1/behav/xsim'
"xvhdl --incr --relax -prj cordic_module_tb_vhdl.prj"
INFO: [VRFC 10-163] Analyzing VHDL file "C:/Users/Public/Documents/PVSDRA/Lab_4/Lab_4.srcs/sources_1/new/CORDIC_coprocessor.vhd" into library xil_defaultlib
INFO: [VRFC 10-307] analyzing entity CORDIC_coprocessor
INFO: [USF-XSim-69] 'compile' step finished in '4' seconds
INFO: [USF-XSim-3] XSim::Elaborate design
INFO: [USF-XSim-61] Executing 'ELABORATE' step in 'C:/Users/Public/Documents/PVSDRA/Lab_4/Lab_4.sim/sim_1/behav/xsim'
Vivado Simulator 2018.2
Copyright 1986-1999, 2001-2018 Xilinx, Inc. All Rights Reserved.
Running: D:/Xilinx/Vivado/2018.2/bin/unwrapped/win64.o/xelab.exe -wto fe9a41d05f22498abc16741f5405eb2f --incr --debug typical --relax --mt 2 -L xil_defaultlib -L secureip --snapshot cordic_module_tb_behav xil_defaultlib.cordic_module_tb -log elaborate.log 
Using 2 slave threads.
Starting static elaboration
Completed static elaboration
Starting simulation data flow analysis
Completed simulation data flow analysis
Time Resolution for simulation is 1ps
Compiling package std.standard
Compiling package std.textio
Compiling package ieee.std_logic_1164
Compiling package ieee.numeric_std
Compiling architecture rtl of entity xil_defaultlib.CORDIC_coprocessor [cordic_coprocessor_default]
Compiling architecture cordic_module_tb_arch of entity xil_defaultlib.cordic_module_tb
Built simulation snapshot cordic_module_tb_behav

****** Webtalk v2018.2 (64-bit)
  **** SW Build 2258646 on Thu Jun 14 20:03:12 MDT 2018
  **** IP Build 2256618 on Thu Jun 14 22:10:49 MDT 2018
    ** Copyright 1986-2018 Xilinx, Inc. All Rights Reserved.

source C:/Users/Public/Documents/PVSDRA/Lab_4/Lab_4.sim/sim_1/behav/xsim/xsim.dir/cordic_module_tb_behav/webtalk/xsim_webtalk.tcl -notrace
INFO: [Common 17-206] Exiting Webtalk at Tue Dec  2 18:04:04 2025...
run_program: Time (s): cpu = 00:00:00 ; elapsed = 00:00:11 . Memory (MB): peak = 954.145 ; gain = 0.000
INFO: [USF-XSim-69] 'elaborate' step finished in '11' seconds
INFO: [USF-XSim-4] XSim::Simulate design
INFO: [USF-XSim-61] Executing 'SIMULATE' step in 'C:/Users/Public/Documents/PVSDRA/Lab_4/Lab_4.sim/sim_1/behav/xsim'
INFO: [USF-XSim-98] *** Running xsim
   with args "cordic_module_tb_behav -key {Behavioral:sim_1:Functional:cordic_module_tb} -tclbatch {cordic_module_tb.tcl} -log {simulate.log}"
INFO: [USF-XSim-8] Loading simulator feature
Vivado Simulator 2018.2
Time resolution is 1 ps
source cordic_module_tb.tcl
# set curr_wave [current_wave_config]
# if { [string length $curr_wave] == 0 } {
#   if { [llength [get_objects]] > 0} {
#     add_wave /
#     set_property needs_save false [current_wave_config]
#   } else {
#      send_msg_id Add_Wave-1 WARNING "No top level signals found. Simulator will start without a wave window. If you want to open a wave window go to 'File->New Waveform Configuration' or type 'create_wave_config' in the TCL console."
#   }
# }
# run 1000ns
xsim: Time (s): cpu = 00:00:11 ; elapsed = 00:00:07 . Memory (MB): peak = 964.434 ; gain = 10.289
INFO: [USF-XSim-96] XSim completed. Design snapshot 'cordic_module_tb_behav' loaded.
INFO: [USF-XSim-97] XSim simulation ran for 1000ns
launch_simulation: Time (s): cpu = 00:00:12 ; elapsed = 00:00:22 . Memory (MB): peak = 964.434 ; gain = 10.289
run 10 us
run 10 us
run 10 us
run 10 us
run 10 us
run 10 us
run 10 us
run 10 us
run 10 us
run 10 us
run 10 us
run 10 us
run 10 us
run 10 us
run 10 us
run 10 us
run 10 us
run 10 us
run 10 us
close_sim
INFO: [Simtcl 6-16] Simulation closed
close_sim: Time (s): cpu = 00:00:02 ; elapsed = 00:00:07 . Memory (MB): peak = 971.676 ; gain = 0.000
exit
INFO: [Common 17-206] Exiting Vivado at Tue Dec  2 18:06:40 2025...
