#-----------------------------------------------------------
# Vivado v2018.2 (64-bit)
# SW Build 2258646 on Thu Jun 14 20:03:12 MDT 2018
# IP Build 2256618 on Thu Jun 14 22:10:49 MDT 2018
# Start of session at: Fri Dec  5 12:33:21 2025
# Process ID: 4112
# Current directory: C:/Users/Public/Documents/PVSDRA/Lab_4
# Command line: vivado.exe -gui_launcher_event rodinguilauncherevent6396 C:\Users\Public\Documents\PVSDRA\Lab_4\Lab_4.xpr
# Log file: C:/Users/Public/Documents/PVSDRA/Lab_4/vivado.log
# Journal file: C:/Users/Public/Documents/PVSDRA/Lab_4\vivado.jou
#-----------------------------------------------------------
start_gui
open_project C:/Users/Public/Documents/PVSDRA/Lab_4/Lab_4.xpr
Scanning sources...
Finished scanning sources
INFO: [IP_Flow 19-234] Refreshing IP repositories
INFO: [IP_Flow 19-1704] No user IP repositories specified
INFO: [IP_Flow 19-2313] Loaded Vivado IP repository 'D:/Xilinx/Vivado/2018.2/data/ip'.
open_project: Time (s): cpu = 00:00:36 ; elapsed = 00:00:32 . Memory (MB): peak = 860.301 ; gain = 132.125
update_compile_order -fileset sources_1
exit
INFO: [Common 17-206] Exiting Vivado at Fri Dec  5 13:35:24 2025...
